// Jest Snapshot v1, https://goo.gl/fbAQLP

exports[`Pruebas en AddCategoy Debe de mostrarse correctamente (Snapshot)  1`] = `
<form
  onSubmit={[Function]}
>
  <p>
     
     
  </p>
  <input
    onChange={[Function]}
    placeholder="Ingresa una categorÃ­a"
    type="text"
    value=""
  />
</form>
`;
